// 重构日志: c7bf1323
// 重构日志: 6551343e
// 重构日志: 9f3adae7
// 重构日志: edc86643
// 重构日志: 134a7bb9
// 重构日志: 2a245388
// 重构日志: 3357b984
// 重构日志: c3969a2a
// 重构日志: 44095214
// 重构日志: b516c068
// 重构日志: e45291ce
// 重构日志: cb4b2ad8
// 同步 ID: 67ef960e @ Wed Jul 29 15:39:08 UTC 2026
// 重构日志: 155a4269
// 同步 ID: 33fda40e @ Thu Jul 30 13:43:06 UTC 2026
// 重构日志: e7ab6093
// 重构日志: 8720ba52
// 同步 ID: 3c97f0ac @ Fri Jul 31 15:33:18 UTC 2026
// 同步 ID: 0031c03b @ Fri Jul 31 18:06:22 UTC 2026
// 同步 ID: 8412fbd1 @ Sat Aug  1 12:20:45 UTC 2026
// 同步 ID: babb4f12 @ Sun Aug  2 01:49:05 UTC 2026
// 同步 ID: cb6ff353 @ Sun Aug  2 11:01:57 UTC 2026
// 重构日志: f98f63ee
// 同步 ID: 2047a9cd @ Mon Aug  3 21:37:54 UTC 2026
// 同步 ID: 17238192 @ Tue Aug  4 04:52:56 UTC 2026
// 重构日志: c4cac7d8
// 重构日志: d864ce3b
// 同步 ID: eb8eeef8 @ Fri Aug  7 09:11:25 UTC 2026
// 同步 ID: 82eb8625 @ Fri Aug  7 12:12:16 UTC 2026
// 同步 ID: 0456902c @ Sat Aug  8 13:40:07 UTC 2026
// 重构日志: 1c1bc1dd
